<testsuites id="" name="" tests="27" failures="25" skipped="0" errors="0" time="315.077321">
<testsuite name="admin-panel-optimized.spec.js" timestamp="2025-08-29T08:31:03.877Z" hostname="chromium" tests="27" failures="25" skipped="0" time="273.526" errors="0">
<testcase name="Admin Panel Tests › Authentication › should login with correct credentials" classname="admin-panel-optimized.spec.js" time="3.899">
</testcase>
<testcase name="Admin Panel Tests › Authentication › should reject incorrect credentials" classname="admin-panel-optimized.spec.js" time="0.95">
</testcase>
<testcase name="Admin Panel Tests › Dashboard and Navigation › should display dashboard without sidebar overlap" classname="admin-panel-optimized.spec.js" time="10.709">
<failure message="admin-panel-optimized.spec.js:64:5 should display dashboard without sidebar overlap" type="FAILURE">
<![CDATA[  [chromium] › admin-panel-optimized.spec.js:64:5 › Admin Panel Tests › Dashboard and Navigation › should display dashboard without sidebar overlap 

    Test timeout of 10000ms exceeded while running "beforeEach" hook.

      58 |   
      59 |   test.describe('Dashboard and Navigation', () => {
    > 60 |     test.beforeEach(async ({ page }) => {
         |          ^
      61 |       await loginAsAdmin(page);
      62 |     });
      63 |     
        at C:\Users\22004\OneDrive\Desktop\TLS PROJECTS\tests\admin-panel-optimized.spec.js:60:10

    TimeoutError: page.waitForURL: Timeout 10000ms exceeded.
    =========================== logs ===========================
    waiting for navigation to "**/admin.html" until "load"
      navigated to "http://127.0.0.1:3000/admin.html?redirected=true"
    ============================================================

      26 |   
      27 |   // Wait for navigation to admin panel
    > 28 |   await page.waitForURL('**/admin.html', { timeout: 10000 });
         |              ^
      29 | }
      30 |
      31 | test.describe('Admin Panel Tests', () => {
        at loginAsAdmin (C:\Users\22004\OneDrive\Desktop\TLS PROJECTS\tests\admin-panel-optimized.spec.js:28:14)
        at C:\Users\22004\OneDrive\Desktop\TLS PROJECTS\tests\admin-panel-optimized.spec.js:61:7

    attachment #1: screenshot (image/png) ──────────────────────────────────────────────────────────
    ..\test-results\admin-panel-optimized-Admi-72eb5-ard-without-sidebar-overlap-chromium\test-failed-1.png
    ────────────────────────────────────────────────────────────────────────────────────────────────

    attachment #2: video (video/webm) ──────────────────────────────────────────────────────────────
    ..\test-results\admin-panel-optimized-Admi-72eb5-ard-without-sidebar-overlap-chromium\video.webm
    ────────────────────────────────────────────────────────────────────────────────────────────────

    Error Context: ..\test-results\admin-panel-optimized-Admi-72eb5-ard-without-sidebar-overlap-chromium\error-context.md

    attachment #4: trace (application/zip) ─────────────────────────────────────────────────────────
    ..\test-results\admin-panel-optimized-Admi-72eb5-ard-without-sidebar-overlap-chromium\trace.zip
    Usage:

        npx playwright show-trace ..\test-results\admin-panel-optimized-Admi-72eb5-ard-without-sidebar-overlap-chromium\trace.zip

    ────────────────────────────────────────────────────────────────────────────────────────────────
]]>
</failure>
<system-out>
<![CDATA[
[[ATTACHMENT|test-results\admin-panel-optimized-Admi-72eb5-ard-without-sidebar-overlap-chromium\test-failed-1.png]]

[[ATTACHMENT|test-results\admin-panel-optimized-Admi-72eb5-ard-without-sidebar-overlap-chromium\video.webm]]

[[ATTACHMENT|test-results\admin-panel-optimized-Admi-72eb5-ard-without-sidebar-overlap-chromium\error-context.md]]

[[ATTACHMENT|test-results\admin-panel-optimized-Admi-72eb5-ard-without-sidebar-overlap-chromium\trace.zip]]
]]>
</system-out>
</testcase>
<testcase name="Admin Panel Tests › Dashboard and Navigation › should navigate to all admin sections" classname="admin-panel-optimized.spec.js" time="10.759">
<failure message="admin-panel-optimized.spec.js:84:5 should navigate to all admin sections" type="FAILURE">
<![CDATA[  [chromium] › admin-panel-optimized.spec.js:84:5 › Admin Panel Tests › Dashboard and Navigation › should navigate to all admin sections 

    Test timeout of 10000ms exceeded while running "beforeEach" hook.

      58 |   
      59 |   test.describe('Dashboard and Navigation', () => {
    > 60 |     test.beforeEach(async ({ page }) => {
         |          ^
      61 |       await loginAsAdmin(page);
      62 |     });
      63 |     
        at C:\Users\22004\OneDrive\Desktop\TLS PROJECTS\tests\admin-panel-optimized.spec.js:60:10

    Error: page.waitForURL: Test timeout of 10000ms exceeded.
    =========================== logs ===========================
    waiting for navigation to "**/admin.html" until "load"
      navigated to "http://127.0.0.1:3000/admin.html?redirected=true"
    ============================================================

      26 |   
      27 |   // Wait for navigation to admin panel
    > 28 |   await page.waitForURL('**/admin.html', { timeout: 10000 });
         |              ^
      29 | }
      30 |
      31 | test.describe('Admin Panel Tests', () => {
        at loginAsAdmin (C:\Users\22004\OneDrive\Desktop\TLS PROJECTS\tests\admin-panel-optimized.spec.js:28:14)
        at C:\Users\22004\OneDrive\Desktop\TLS PROJECTS\tests\admin-panel-optimized.spec.js:61:7

    attachment #1: screenshot (image/png) ──────────────────────────────────────────────────────────
    ..\test-results\admin-panel-optimized-Admi-212e1-igate-to-all-admin-sections-chromium\test-failed-1.png
    ────────────────────────────────────────────────────────────────────────────────────────────────

    attachment #2: video (video/webm) ──────────────────────────────────────────────────────────────
    ..\test-results\admin-panel-optimized-Admi-212e1-igate-to-all-admin-sections-chromium\video.webm
    ────────────────────────────────────────────────────────────────────────────────────────────────

    Error Context: ..\test-results\admin-panel-optimized-Admi-212e1-igate-to-all-admin-sections-chromium\error-context.md

    attachment #4: trace (application/zip) ─────────────────────────────────────────────────────────
    ..\test-results\admin-panel-optimized-Admi-212e1-igate-to-all-admin-sections-chromium\trace.zip
    Usage:

        npx playwright show-trace ..\test-results\admin-panel-optimized-Admi-212e1-igate-to-all-admin-sections-chromium\trace.zip

    ────────────────────────────────────────────────────────────────────────────────────────────────
]]>
</failure>
<system-out>
<![CDATA[
[[ATTACHMENT|test-results\admin-panel-optimized-Admi-212e1-igate-to-all-admin-sections-chromium\test-failed-1.png]]

[[ATTACHMENT|test-results\admin-panel-optimized-Admi-212e1-igate-to-all-admin-sections-chromium\video.webm]]

[[ATTACHMENT|test-results\admin-panel-optimized-Admi-212e1-igate-to-all-admin-sections-chromium\error-context.md]]

[[ATTACHMENT|test-results\admin-panel-optimized-Admi-212e1-igate-to-all-admin-sections-chromium\trace.zip]]
]]>
</system-out>
</testcase>
<testcase name="Admin Panel Tests › Books Management › should display books list" classname="admin-panel-optimized.spec.js" time="10.799">
<failure message="admin-panel-optimized.spec.js:114:5 should display books list" type="FAILURE">
<![CDATA[  [chromium] › admin-panel-optimized.spec.js:114:5 › Admin Panel Tests › Books Management › should display books list 

    Test timeout of 10000ms exceeded while running "beforeEach" hook.

      105 |   
      106 |   test.describe('Books Management', () => {
    > 107 |     test.beforeEach(async ({ page }) => {
          |          ^
      108 |       await loginAsAdmin(page);
      109 |       if (await elementExists(page, '[data-section="books"], .nav-books')) {
      110 |         await page.click('[data-section="books"], .nav-books');
        at C:\Users\22004\OneDrive\Desktop\TLS PROJECTS\tests\admin-panel-optimized.spec.js:107:10

    Error: page.waitForURL: Test timeout of 10000ms exceeded.
    =========================== logs ===========================
    waiting for navigation to "**/admin.html" until "load"
      navigated to "http://127.0.0.1:3000/admin.html?redirected=true"
    ============================================================

      26 |   
      27 |   // Wait for navigation to admin panel
    > 28 |   await page.waitForURL('**/admin.html', { timeout: 10000 });
         |              ^
      29 | }
      30 |
      31 | test.describe('Admin Panel Tests', () => {
        at loginAsAdmin (C:\Users\22004\OneDrive\Desktop\TLS PROJECTS\tests\admin-panel-optimized.spec.js:28:14)
        at C:\Users\22004\OneDrive\Desktop\TLS PROJECTS\tests\admin-panel-optimized.spec.js:108:7

    attachment #1: screenshot (image/png) ──────────────────────────────────────────────────────────
    ..\test-results\admin-panel-optimized-Admi-22a08-t-should-display-books-list-chromium\test-failed-1.png
    ────────────────────────────────────────────────────────────────────────────────────────────────

    attachment #2: video (video/webm) ──────────────────────────────────────────────────────────────
    ..\test-results\admin-panel-optimized-Admi-22a08-t-should-display-books-list-chromium\video.webm
    ────────────────────────────────────────────────────────────────────────────────────────────────

    Error Context: ..\test-results\admin-panel-optimized-Admi-22a08-t-should-display-books-list-chromium\error-context.md

    attachment #4: trace (application/zip) ─────────────────────────────────────────────────────────
    ..\test-results\admin-panel-optimized-Admi-22a08-t-should-display-books-list-chromium\trace.zip
    Usage:

        npx playwright show-trace ..\test-results\admin-panel-optimized-Admi-22a08-t-should-display-books-list-chromium\trace.zip

    ────────────────────────────────────────────────────────────────────────────────────────────────
]]>
</failure>
<system-out>
<![CDATA[
[[ATTACHMENT|test-results\admin-panel-optimized-Admi-22a08-t-should-display-books-list-chromium\test-failed-1.png]]

[[ATTACHMENT|test-results\admin-panel-optimized-Admi-22a08-t-should-display-books-list-chromium\video.webm]]

[[ATTACHMENT|test-results\admin-panel-optimized-Admi-22a08-t-should-display-books-list-chromium\error-context.md]]

[[ATTACHMENT|test-results\admin-panel-optimized-Admi-22a08-t-should-display-books-list-chromium\trace.zip]]
]]>
</system-out>
</testcase>
<testcase name="Admin Panel Tests › Books Management › should open add book form" classname="admin-panel-optimized.spec.js" time="10.794">
<failure message="admin-panel-optimized.spec.js:120:5 should open add book form" type="FAILURE">
<![CDATA[  [chromium] › admin-panel-optimized.spec.js:120:5 › Admin Panel Tests › Books Management › should open add book form 

    Test timeout of 10000ms exceeded while running "beforeEach" hook.

      105 |   
      106 |   test.describe('Books Management', () => {
    > 107 |     test.beforeEach(async ({ page }) => {
          |          ^
      108 |       await loginAsAdmin(page);
      109 |       if (await elementExists(page, '[data-section="books"], .nav-books')) {
      110 |         await page.click('[data-section="books"], .nav-books');
        at C:\Users\22004\OneDrive\Desktop\TLS PROJECTS\tests\admin-panel-optimized.spec.js:107:10

    TimeoutError: page.waitForURL: Timeout 10000ms exceeded.
    =========================== logs ===========================
    waiting for navigation to "**/admin.html" until "load"
      navigated to "http://127.0.0.1:3000/admin.html?redirected=true"
    ============================================================

      26 |   
      27 |   // Wait for navigation to admin panel
    > 28 |   await page.waitForURL('**/admin.html', { timeout: 10000 });
         |              ^
      29 | }
      30 |
      31 | test.describe('Admin Panel Tests', () => {
        at loginAsAdmin (C:\Users\22004\OneDrive\Desktop\TLS PROJECTS\tests\admin-panel-optimized.spec.js:28:14)
        at C:\Users\22004\OneDrive\Desktop\TLS PROJECTS\tests\admin-panel-optimized.spec.js:108:7

    attachment #1: screenshot (image/png) ──────────────────────────────────────────────────────────
    ..\test-results\admin-panel-optimized-Admi-23aec-t-should-open-add-book-form-chromium\test-failed-1.png
    ────────────────────────────────────────────────────────────────────────────────────────────────

    attachment #2: video (video/webm) ──────────────────────────────────────────────────────────────
    ..\test-results\admin-panel-optimized-Admi-23aec-t-should-open-add-book-form-chromium\video.webm
    ────────────────────────────────────────────────────────────────────────────────────────────────

    Error Context: ..\test-results\admin-panel-optimized-Admi-23aec-t-should-open-add-book-form-chromium\error-context.md

    attachment #4: trace (application/zip) ─────────────────────────────────────────────────────────
    ..\test-results\admin-panel-optimized-Admi-23aec-t-should-open-add-book-form-chromium\trace.zip
    Usage:

        npx playwright show-trace ..\test-results\admin-panel-optimized-Admi-23aec-t-should-open-add-book-form-chromium\trace.zip

    ────────────────────────────────────────────────────────────────────────────────────────────────
]]>
</failure>
<system-out>
<![CDATA[
[[ATTACHMENT|test-results\admin-panel-optimized-Admi-23aec-t-should-open-add-book-form-chromium\test-failed-1.png]]

[[ATTACHMENT|test-results\admin-panel-optimized-Admi-23aec-t-should-open-add-book-form-chromium\video.webm]]

[[ATTACHMENT|test-results\admin-panel-optimized-Admi-23aec-t-should-open-add-book-form-chromium\error-context.md]]

[[ATTACHMENT|test-results\admin-panel-optimized-Admi-23aec-t-should-open-add-book-form-chromium\trace.zip]]
]]>
</system-out>
</testcase>
<testcase name="Admin Panel Tests › Ebooks Management › should display ebooks list" classname="admin-panel-optimized.spec.js" time="10.71">
<failure message="admin-panel-optimized.spec.js:138:5 should display ebooks list" type="FAILURE">
<![CDATA[  [chromium] › admin-panel-optimized.spec.js:138:5 › Admin Panel Tests › Ebooks Management › should display ebooks list 

    Test timeout of 10000ms exceeded while running "beforeEach" hook.

      129 |   
      130 |   test.describe('Ebooks Management', () => {
    > 131 |     test.beforeEach(async ({ page }) => {
          |          ^
      132 |       await loginAsAdmin(page);
      133 |       if (await elementExists(page, '[data-section="ebooks"], .nav-ebooks')) {
      134 |         await page.click('[data-section="ebooks"], .nav-ebooks');
        at C:\Users\22004\OneDrive\Desktop\TLS PROJECTS\tests\admin-panel-optimized.spec.js:131:10

    Error: page.waitForURL: Test timeout of 10000ms exceeded.
    =========================== logs ===========================
    waiting for navigation to "**/admin.html" until "load"
      navigated to "http://127.0.0.1:3000/admin.html?redirected=true"
    ============================================================

      26 |   
      27 |   // Wait for navigation to admin panel
    > 28 |   await page.waitForURL('**/admin.html', { timeout: 10000 });
         |              ^
      29 | }
      30 |
      31 | test.describe('Admin Panel Tests', () => {
        at loginAsAdmin (C:\Users\22004\OneDrive\Desktop\TLS PROJECTS\tests\admin-panel-optimized.spec.js:28:14)
        at C:\Users\22004\OneDrive\Desktop\TLS PROJECTS\tests\admin-panel-optimized.spec.js:132:7

    attachment #1: screenshot (image/png) ──────────────────────────────────────────────────────────
    ..\test-results\admin-panel-optimized-Admi-478b6--should-display-ebooks-list-chromium\test-failed-1.png
    ────────────────────────────────────────────────────────────────────────────────────────────────

    attachment #2: video (video/webm) ──────────────────────────────────────────────────────────────
    ..\test-results\admin-panel-optimized-Admi-478b6--should-display-ebooks-list-chromium\video.webm
    ────────────────────────────────────────────────────────────────────────────────────────────────

    Error Context: ..\test-results\admin-panel-optimized-Admi-478b6--should-display-ebooks-list-chromium\error-context.md

    attachment #4: trace (application/zip) ─────────────────────────────────────────────────────────
    ..\test-results\admin-panel-optimized-Admi-478b6--should-display-ebooks-list-chromium\trace.zip
    Usage:

        npx playwright show-trace ..\test-results\admin-panel-optimized-Admi-478b6--should-display-ebooks-list-chromium\trace.zip

    ────────────────────────────────────────────────────────────────────────────────────────────────
]]>
</failure>
<system-out>
<![CDATA[
[[ATTACHMENT|test-results\admin-panel-optimized-Admi-478b6--should-display-ebooks-list-chromium\test-failed-1.png]]

[[ATTACHMENT|test-results\admin-panel-optimized-Admi-478b6--should-display-ebooks-list-chromium\video.webm]]

[[ATTACHMENT|test-results\admin-panel-optimized-Admi-478b6--should-display-ebooks-list-chromium\error-context.md]]

[[ATTACHMENT|test-results\admin-panel-optimized-Admi-478b6--should-display-ebooks-list-chromium\trace.zip]]
]]>
</system-out>
</testcase>
<testcase name="Admin Panel Tests › Ebooks Management › should handle Tamil font rendering" classname="admin-panel-optimized.spec.js" time="10.756">
<failure message="admin-panel-optimized.spec.js:144:5 should handle Tamil font rendering" type="FAILURE">
<![CDATA[  [chromium] › admin-panel-optimized.spec.js:144:5 › Admin Panel Tests › Ebooks Management › should handle Tamil font rendering 

    Test timeout of 10000ms exceeded while running "beforeEach" hook.

      129 |   
      130 |   test.describe('Ebooks Management', () => {
    > 131 |     test.beforeEach(async ({ page }) => {
          |          ^
      132 |       await loginAsAdmin(page);
      133 |       if (await elementExists(page, '[data-section="ebooks"], .nav-ebooks')) {
      134 |         await page.click('[data-section="ebooks"], .nav-ebooks');
        at C:\Users\22004\OneDrive\Desktop\TLS PROJECTS\tests\admin-panel-optimized.spec.js:131:10

    Error: page.waitForURL: Test timeout of 10000ms exceeded.
    =========================== logs ===========================
    waiting for navigation to "**/admin.html" until "load"
      navigated to "http://127.0.0.1:3000/admin.html?redirected=true"
    ============================================================

      26 |   
      27 |   // Wait for navigation to admin panel
    > 28 |   await page.waitForURL('**/admin.html', { timeout: 10000 });
         |              ^
      29 | }
      30 |
      31 | test.describe('Admin Panel Tests', () => {
        at loginAsAdmin (C:\Users\22004\OneDrive\Desktop\TLS PROJECTS\tests\admin-panel-optimized.spec.js:28:14)
        at C:\Users\22004\OneDrive\Desktop\TLS PROJECTS\tests\admin-panel-optimized.spec.js:132:7

    attachment #1: screenshot (image/png) ──────────────────────────────────────────────────────────
    ..\test-results\admin-panel-optimized-Admi-c265c-handle-Tamil-font-rendering-chromium\test-failed-1.png
    ────────────────────────────────────────────────────────────────────────────────────────────────

    attachment #2: video (video/webm) ──────────────────────────────────────────────────────────────
    ..\test-results\admin-panel-optimized-Admi-c265c-handle-Tamil-font-rendering-chromium\video.webm
    ────────────────────────────────────────────────────────────────────────────────────────────────

    Error Context: ..\test-results\admin-panel-optimized-Admi-c265c-handle-Tamil-font-rendering-chromium\error-context.md

    attachment #4: trace (application/zip) ─────────────────────────────────────────────────────────
    ..\test-results\admin-panel-optimized-Admi-c265c-handle-Tamil-font-rendering-chromium\trace.zip
    Usage:

        npx playwright show-trace ..\test-results\admin-panel-optimized-Admi-c265c-handle-Tamil-font-rendering-chromium\trace.zip

    ────────────────────────────────────────────────────────────────────────────────────────────────
]]>
</failure>
<system-out>
<![CDATA[
[[ATTACHMENT|test-results\admin-panel-optimized-Admi-c265c-handle-Tamil-font-rendering-chromium\test-failed-1.png]]

[[ATTACHMENT|test-results\admin-panel-optimized-Admi-c265c-handle-Tamil-font-rendering-chromium\video.webm]]

[[ATTACHMENT|test-results\admin-panel-optimized-Admi-c265c-handle-Tamil-font-rendering-chromium\error-context.md]]

[[ATTACHMENT|test-results\admin-panel-optimized-Admi-c265c-handle-Tamil-font-rendering-chromium\trace.zip]]
]]>
</system-out>
</testcase>
<testcase name="Admin Panel Tests › Projects Management › should display projects list" classname="admin-panel-optimized.spec.js" time="10.701">
<failure message="admin-panel-optimized.spec.js:159:5 should display projects list" type="FAILURE">
<![CDATA[  [chromium] › admin-panel-optimized.spec.js:159:5 › Admin Panel Tests › Projects Management › should display projects list 

    Test timeout of 10000ms exceeded while running "beforeEach" hook.

      150 |   
      151 |   test.describe('Projects Management', () => {
    > 152 |     test.beforeEach(async ({ page }) => {
          |          ^
      153 |       await loginAsAdmin(page);
      154 |       if (await elementExists(page, '[data-section="projects"], .nav-projects')) {
      155 |         await page.click('[data-section="projects"], .nav-projects');
        at C:\Users\22004\OneDrive\Desktop\TLS PROJECTS\tests\admin-panel-optimized.spec.js:152:10

    Error: page.waitForURL: Test timeout of 10000ms exceeded.
    =========================== logs ===========================
    waiting for navigation to "**/admin.html" until "load"
      navigated to "http://127.0.0.1:3000/admin.html?redirected=true"
    ============================================================

      26 |   
      27 |   // Wait for navigation to admin panel
    > 28 |   await page.waitForURL('**/admin.html', { timeout: 10000 });
         |              ^
      29 | }
      30 |
      31 | test.describe('Admin Panel Tests', () => {
        at loginAsAdmin (C:\Users\22004\OneDrive\Desktop\TLS PROJECTS\tests\admin-panel-optimized.spec.js:28:14)
        at C:\Users\22004\OneDrive\Desktop\TLS PROJECTS\tests\admin-panel-optimized.spec.js:153:7

    attachment #1: screenshot (image/png) ──────────────────────────────────────────────────────────
    ..\test-results\admin-panel-optimized-Admi-0ce72-hould-display-projects-list-chromium\test-failed-1.png
    ────────────────────────────────────────────────────────────────────────────────────────────────

    attachment #2: video (video/webm) ──────────────────────────────────────────────────────────────
    ..\test-results\admin-panel-optimized-Admi-0ce72-hould-display-projects-list-chromium\video.webm
    ────────────────────────────────────────────────────────────────────────────────────────────────

    Error Context: ..\test-results\admin-panel-optimized-Admi-0ce72-hould-display-projects-list-chromium\error-context.md

    attachment #4: trace (application/zip) ─────────────────────────────────────────────────────────
    ..\test-results\admin-panel-optimized-Admi-0ce72-hould-display-projects-list-chromium\trace.zip
    Usage:

        npx playwright show-trace ..\test-results\admin-panel-optimized-Admi-0ce72-hould-display-projects-list-chromium\trace.zip

    ────────────────────────────────────────────────────────────────────────────────────────────────
]]>
</failure>
<system-out>
<![CDATA[
[[ATTACHMENT|test-results\admin-panel-optimized-Admi-0ce72-hould-display-projects-list-chromium\test-failed-1.png]]

[[ATTACHMENT|test-results\admin-panel-optimized-Admi-0ce72-hould-display-projects-list-chromium\video.webm]]

[[ATTACHMENT|test-results\admin-panel-optimized-Admi-0ce72-hould-display-projects-list-chromium\error-context.md]]

[[ATTACHMENT|test-results\admin-panel-optimized-Admi-0ce72-hould-display-projects-list-chromium\trace.zip]]
]]>
</system-out>
</testcase>
<testcase name="Admin Panel Tests › Projects Management › should export projects to CSV" classname="admin-panel-optimized.spec.js" time="10.808">
<failure message="admin-panel-optimized.spec.js:165:5 should export projects to CSV" type="FAILURE">
<![CDATA[  [chromium] › admin-panel-optimized.spec.js:165:5 › Admin Panel Tests › Projects Management › should export projects to CSV 

    Test timeout of 10000ms exceeded while running "beforeEach" hook.

      150 |   
      151 |   test.describe('Projects Management', () => {
    > 152 |     test.beforeEach(async ({ page }) => {
          |          ^
      153 |       await loginAsAdmin(page);
      154 |       if (await elementExists(page, '[data-section="projects"], .nav-projects')) {
      155 |         await page.click('[data-section="projects"], .nav-projects');
        at C:\Users\22004\OneDrive\Desktop\TLS PROJECTS\tests\admin-panel-optimized.spec.js:152:10

    Error: page.waitForURL: Test timeout of 10000ms exceeded.
    =========================== logs ===========================
    waiting for navigation to "**/admin.html" until "load"
      navigated to "http://127.0.0.1:3000/admin.html?redirected=true"
    ============================================================

      26 |   
      27 |   // Wait for navigation to admin panel
    > 28 |   await page.waitForURL('**/admin.html', { timeout: 10000 });
         |              ^
      29 | }
      30 |
      31 | test.describe('Admin Panel Tests', () => {
        at loginAsAdmin (C:\Users\22004\OneDrive\Desktop\TLS PROJECTS\tests\admin-panel-optimized.spec.js:28:14)
        at C:\Users\22004\OneDrive\Desktop\TLS PROJECTS\tests\admin-panel-optimized.spec.js:153:7

    attachment #1: screenshot (image/png) ──────────────────────────────────────────────────────────
    ..\test-results\admin-panel-optimized-Admi-a5b52-ould-export-projects-to-CSV-chromium\test-failed-1.png
    ────────────────────────────────────────────────────────────────────────────────────────────────

    attachment #2: video (video/webm) ──────────────────────────────────────────────────────────────
    ..\test-results\admin-panel-optimized-Admi-a5b52-ould-export-projects-to-CSV-chromium\video.webm
    ────────────────────────────────────────────────────────────────────────────────────────────────

    Error Context: ..\test-results\admin-panel-optimized-Admi-a5b52-ould-export-projects-to-CSV-chromium\error-context.md

    attachment #4: trace (application/zip) ─────────────────────────────────────────────────────────
    ..\test-results\admin-panel-optimized-Admi-a5b52-ould-export-projects-to-CSV-chromium\trace.zip
    Usage:

        npx playwright show-trace ..\test-results\admin-panel-optimized-Admi-a5b52-ould-export-projects-to-CSV-chromium\trace.zip

    ────────────────────────────────────────────────────────────────────────────────────────────────
]]>
</failure>
<system-out>
<![CDATA[
[[ATTACHMENT|test-results\admin-panel-optimized-Admi-a5b52-ould-export-projects-to-CSV-chromium\test-failed-1.png]]

[[ATTACHMENT|test-results\admin-panel-optimized-Admi-a5b52-ould-export-projects-to-CSV-chromium\video.webm]]

[[ATTACHMENT|test-results\admin-panel-optimized-Admi-a5b52-ould-export-projects-to-CSV-chromium\error-context.md]]

[[ATTACHMENT|test-results\admin-panel-optimized-Admi-a5b52-ould-export-projects-to-CSV-chromium\trace.zip]]
]]>
</system-out>
</testcase>
<testcase name="Admin Panel Tests › Team Management › should display team members" classname="admin-panel-optimized.spec.js" time="10.72">
<failure message="admin-panel-optimized.spec.js:183:5 should display team members" type="FAILURE">
<![CDATA[  [chromium] › admin-panel-optimized.spec.js:183:5 › Admin Panel Tests › Team Management › should display team members 

    Test timeout of 10000ms exceeded while running "beforeEach" hook.

      174 |   
      175 |   test.describe('Team Management', () => {
    > 176 |     test.beforeEach(async ({ page }) => {
          |          ^
      177 |       await loginAsAdmin(page);
      178 |       if (await elementExists(page, '[data-section="team"], .nav-team')) {
      179 |         await page.click('[data-section="team"], .nav-team');
        at C:\Users\22004\OneDrive\Desktop\TLS PROJECTS\tests\admin-panel-optimized.spec.js:176:10

    Error: page.waitForURL: Test timeout of 10000ms exceeded.
    =========================== logs ===========================
    waiting for navigation to "**/admin.html" until "load"
      navigated to "http://127.0.0.1:3000/admin.html?redirected=true"
    ============================================================

      26 |   
      27 |   // Wait for navigation to admin panel
    > 28 |   await page.waitForURL('**/admin.html', { timeout: 10000 });
         |              ^
      29 | }
      30 |
      31 | test.describe('Admin Panel Tests', () => {
        at loginAsAdmin (C:\Users\22004\OneDrive\Desktop\TLS PROJECTS\tests\admin-panel-optimized.spec.js:28:14)
        at C:\Users\22004\OneDrive\Desktop\TLS PROJECTS\tests\admin-panel-optimized.spec.js:177:7

    attachment #1: screenshot (image/png) ──────────────────────────────────────────────────────────
    ..\test-results\admin-panel-optimized-Admi-309ab-should-display-team-members-chromium\test-failed-1.png
    ────────────────────────────────────────────────────────────────────────────────────────────────

    attachment #2: video (video/webm) ──────────────────────────────────────────────────────────────
    ..\test-results\admin-panel-optimized-Admi-309ab-should-display-team-members-chromium\video.webm
    ────────────────────────────────────────────────────────────────────────────────────────────────

    Error Context: ..\test-results\admin-panel-optimized-Admi-309ab-should-display-team-members-chromium\error-context.md

    attachment #4: trace (application/zip) ─────────────────────────────────────────────────────────
    ..\test-results\admin-panel-optimized-Admi-309ab-should-display-team-members-chromium\trace.zip
    Usage:

        npx playwright show-trace ..\test-results\admin-panel-optimized-Admi-309ab-should-display-team-members-chromium\trace.zip

    ────────────────────────────────────────────────────────────────────────────────────────────────
]]>
</failure>
<system-out>
<![CDATA[
[[ATTACHMENT|test-results\admin-panel-optimized-Admi-309ab-should-display-team-members-chromium\test-failed-1.png]]

[[ATTACHMENT|test-results\admin-panel-optimized-Admi-309ab-should-display-team-members-chromium\video.webm]]

[[ATTACHMENT|test-results\admin-panel-optimized-Admi-309ab-should-display-team-members-chromium\error-context.md]]

[[ATTACHMENT|test-results\admin-panel-optimized-Admi-309ab-should-display-team-members-chromium\trace.zip]]
]]>
</system-out>
</testcase>
<testcase name="Admin Panel Tests › Team Management › should handle image uploads" classname="admin-panel-optimized.spec.js" time="10.692">
<failure message="admin-panel-optimized.spec.js:189:5 should handle image uploads" type="FAILURE">
<![CDATA[  [chromium] › admin-panel-optimized.spec.js:189:5 › Admin Panel Tests › Team Management › should handle image uploads 

    Test timeout of 10000ms exceeded while running "beforeEach" hook.

      174 |   
      175 |   test.describe('Team Management', () => {
    > 176 |     test.beforeEach(async ({ page }) => {
          |          ^
      177 |       await loginAsAdmin(page);
      178 |       if (await elementExists(page, '[data-section="team"], .nav-team')) {
      179 |         await page.click('[data-section="team"], .nav-team');
        at C:\Users\22004\OneDrive\Desktop\TLS PROJECTS\tests\admin-panel-optimized.spec.js:176:10

    Error: page.waitForURL: Test timeout of 10000ms exceeded.
    =========================== logs ===========================
    waiting for navigation to "**/admin.html" until "load"
      navigated to "http://127.0.0.1:3000/admin.html?redirected=true"
    ============================================================

      26 |   
      27 |   // Wait for navigation to admin panel
    > 28 |   await page.waitForURL('**/admin.html', { timeout: 10000 });
         |              ^
      29 | }
      30 |
      31 | test.describe('Admin Panel Tests', () => {
        at loginAsAdmin (C:\Users\22004\OneDrive\Desktop\TLS PROJECTS\tests\admin-panel-optimized.spec.js:28:14)
        at C:\Users\22004\OneDrive\Desktop\TLS PROJECTS\tests\admin-panel-optimized.spec.js:177:7

    attachment #1: screenshot (image/png) ──────────────────────────────────────────────────────────
    ..\test-results\admin-panel-optimized-Admi-89138-should-handle-image-uploads-chromium\test-failed-1.png
    ────────────────────────────────────────────────────────────────────────────────────────────────

    attachment #2: video (video/webm) ──────────────────────────────────────────────────────────────
    ..\test-results\admin-panel-optimized-Admi-89138-should-handle-image-uploads-chromium\video.webm
    ────────────────────────────────────────────────────────────────────────────────────────────────

    Error Context: ..\test-results\admin-panel-optimized-Admi-89138-should-handle-image-uploads-chromium\error-context.md

    attachment #4: trace (application/zip) ─────────────────────────────────────────────────────────
    ..\test-results\admin-panel-optimized-Admi-89138-should-handle-image-uploads-chromium\trace.zip
    Usage:

        npx playwright show-trace ..\test-results\admin-panel-optimized-Admi-89138-should-handle-image-uploads-chromium\trace.zip

    ────────────────────────────────────────────────────────────────────────────────────────────────
]]>
</failure>
<system-out>
<![CDATA[
[[ATTACHMENT|test-results\admin-panel-optimized-Admi-89138-should-handle-image-uploads-chromium\test-failed-1.png]]

[[ATTACHMENT|test-results\admin-panel-optimized-Admi-89138-should-handle-image-uploads-chromium\video.webm]]

[[ATTACHMENT|test-results\admin-panel-optimized-Admi-89138-should-handle-image-uploads-chromium\error-context.md]]

[[ATTACHMENT|test-results\admin-panel-optimized-Admi-89138-should-handle-image-uploads-chromium\trace.zip]]
]]>
</system-out>
</testcase>
<testcase name="Admin Panel Tests › User Management › should display users list" classname="admin-panel-optimized.spec.js" time="10.82">
<failure message="admin-panel-optimized.spec.js:204:5 should display users list" type="FAILURE">
<![CDATA[  [chromium] › admin-panel-optimized.spec.js:204:5 › Admin Panel Tests › User Management › should display users list 

    Test timeout of 10000ms exceeded while running "beforeEach" hook.

      195 |   
      196 |   test.describe('User Management', () => {
    > 197 |     test.beforeEach(async ({ page }) => {
          |          ^
      198 |       await loginAsAdmin(page);
      199 |       if (await elementExists(page, '[data-section="users"], .nav-users')) {
      200 |         await page.click('[data-section="users"], .nav-users');
        at C:\Users\22004\OneDrive\Desktop\TLS PROJECTS\tests\admin-panel-optimized.spec.js:197:10

    Error: page.waitForURL: Test timeout of 10000ms exceeded.
    =========================== logs ===========================
    waiting for navigation to "**/admin.html" until "load"
      navigated to "http://127.0.0.1:3000/admin.html?redirected=true"
    ============================================================

      26 |   
      27 |   // Wait for navigation to admin panel
    > 28 |   await page.waitForURL('**/admin.html', { timeout: 10000 });
         |              ^
      29 | }
      30 |
      31 | test.describe('Admin Panel Tests', () => {
        at loginAsAdmin (C:\Users\22004\OneDrive\Desktop\TLS PROJECTS\tests\admin-panel-optimized.spec.js:28:14)
        at C:\Users\22004\OneDrive\Desktop\TLS PROJECTS\tests\admin-panel-optimized.spec.js:198:7

    attachment #1: screenshot (image/png) ──────────────────────────────────────────────────────────
    ..\test-results\admin-panel-optimized-Admi-5357b-t-should-display-users-list-chromium\test-failed-1.png
    ────────────────────────────────────────────────────────────────────────────────────────────────

    attachment #2: video (video/webm) ──────────────────────────────────────────────────────────────
    ..\test-results\admin-panel-optimized-Admi-5357b-t-should-display-users-list-chromium\video.webm
    ────────────────────────────────────────────────────────────────────────────────────────────────

    Error Context: ..\test-results\admin-panel-optimized-Admi-5357b-t-should-display-users-list-chromium\error-context.md

    attachment #4: trace (application/zip) ─────────────────────────────────────────────────────────
    ..\test-results\admin-panel-optimized-Admi-5357b-t-should-display-users-list-chromium\trace.zip
    Usage:

        npx playwright show-trace ..\test-results\admin-panel-optimized-Admi-5357b-t-should-display-users-list-chromium\trace.zip

    ────────────────────────────────────────────────────────────────────────────────────────────────
]]>
</failure>
<system-out>
<![CDATA[
[[ATTACHMENT|test-results\admin-panel-optimized-Admi-5357b-t-should-display-users-list-chromium\test-failed-1.png]]

[[ATTACHMENT|test-results\admin-panel-optimized-Admi-5357b-t-should-display-users-list-chromium\video.webm]]

[[ATTACHMENT|test-results\admin-panel-optimized-Admi-5357b-t-should-display-users-list-chromium\error-context.md]]

[[ATTACHMENT|test-results\admin-panel-optimized-Admi-5357b-t-should-display-users-list-chromium\trace.zip]]
]]>
</system-out>
</testcase>
<testcase name="Admin Panel Tests › Chat Management › should display chat interface" classname="admin-panel-optimized.spec.js" time="10.668">
<failure message="admin-panel-optimized.spec.js:219:5 should display chat interface" type="FAILURE">
<![CDATA[  [chromium] › admin-panel-optimized.spec.js:219:5 › Admin Panel Tests › Chat Management › should display chat interface 

    Test timeout of 10000ms exceeded while running "beforeEach" hook.

      210 |   
      211 |   test.describe('Chat Management', () => {
    > 212 |     test.beforeEach(async ({ page }) => {
          |          ^
      213 |       await loginAsAdmin(page);
      214 |       if (await elementExists(page, '[data-section="chat"], .nav-chat')) {
      215 |         await page.click('[data-section="chat"], .nav-chat');
        at C:\Users\22004\OneDrive\Desktop\TLS PROJECTS\tests\admin-panel-optimized.spec.js:212:10

    Error: page.waitForURL: Test timeout of 10000ms exceeded.
    =========================== logs ===========================
    waiting for navigation to "**/admin.html" until "load"
      navigated to "http://127.0.0.1:3000/admin.html?redirected=true"
    ============================================================

      26 |   
      27 |   // Wait for navigation to admin panel
    > 28 |   await page.waitForURL('**/admin.html', { timeout: 10000 });
         |              ^
      29 | }
      30 |
      31 | test.describe('Admin Panel Tests', () => {
        at loginAsAdmin (C:\Users\22004\OneDrive\Desktop\TLS PROJECTS\tests\admin-panel-optimized.spec.js:28:14)
        at C:\Users\22004\OneDrive\Desktop\TLS PROJECTS\tests\admin-panel-optimized.spec.js:213:7

    attachment #1: screenshot (image/png) ──────────────────────────────────────────────────────────
    ..\test-results\admin-panel-optimized-Admi-87faf-ould-display-chat-interface-chromium\test-failed-1.png
    ────────────────────────────────────────────────────────────────────────────────────────────────

    attachment #2: video (video/webm) ──────────────────────────────────────────────────────────────
    ..\test-results\admin-panel-optimized-Admi-87faf-ould-display-chat-interface-chromium\video.webm
    ────────────────────────────────────────────────────────────────────────────────────────────────

    Error Context: ..\test-results\admin-panel-optimized-Admi-87faf-ould-display-chat-interface-chromium\error-context.md

    attachment #4: trace (application/zip) ─────────────────────────────────────────────────────────
    ..\test-results\admin-panel-optimized-Admi-87faf-ould-display-chat-interface-chromium\trace.zip
    Usage:

        npx playwright show-trace ..\test-results\admin-panel-optimized-Admi-87faf-ould-display-chat-interface-chromium\trace.zip

    ────────────────────────────────────────────────────────────────────────────────────────────────
]]>
</failure>
<system-out>
<![CDATA[
[[ATTACHMENT|test-results\admin-panel-optimized-Admi-87faf-ould-display-chat-interface-chromium\test-failed-1.png]]

[[ATTACHMENT|test-results\admin-panel-optimized-Admi-87faf-ould-display-chat-interface-chromium\video.webm]]

[[ATTACHMENT|test-results\admin-panel-optimized-Admi-87faf-ould-display-chat-interface-chromium\error-context.md]]

[[ATTACHMENT|test-results\admin-panel-optimized-Admi-87faf-ould-display-chat-interface-chromium\trace.zip]]
]]>
</system-out>
</testcase>
<testcase name="Admin Panel Tests › Chat Management › should clear chat sessions" classname="admin-panel-optimized.spec.js" time="10.791">
<failure message="admin-panel-optimized.spec.js:225:5 should clear chat sessions" type="FAILURE">
<![CDATA[  [chromium] › admin-panel-optimized.spec.js:225:5 › Admin Panel Tests › Chat Management › should clear chat sessions 

    Test timeout of 10000ms exceeded while running "beforeEach" hook.

      210 |   
      211 |   test.describe('Chat Management', () => {
    > 212 |     test.beforeEach(async ({ page }) => {
          |          ^
      213 |       await loginAsAdmin(page);
      214 |       if (await elementExists(page, '[data-section="chat"], .nav-chat')) {
      215 |         await page.click('[data-section="chat"], .nav-chat');
        at C:\Users\22004\OneDrive\Desktop\TLS PROJECTS\tests\admin-panel-optimized.spec.js:212:10

    TimeoutError: page.waitForURL: Timeout 10000ms exceeded.
    =========================== logs ===========================
    waiting for navigation to "**/admin.html" until "load"
      navigated to "http://127.0.0.1:3000/admin.html?redirected=true"
    ============================================================

      26 |   
      27 |   // Wait for navigation to admin panel
    > 28 |   await page.waitForURL('**/admin.html', { timeout: 10000 });
         |              ^
      29 | }
      30 |
      31 | test.describe('Admin Panel Tests', () => {
        at loginAsAdmin (C:\Users\22004\OneDrive\Desktop\TLS PROJECTS\tests\admin-panel-optimized.spec.js:28:14)
        at C:\Users\22004\OneDrive\Desktop\TLS PROJECTS\tests\admin-panel-optimized.spec.js:213:7

    attachment #1: screenshot (image/png) ──────────────────────────────────────────────────────────
    ..\test-results\admin-panel-optimized-Admi-9114a--should-clear-chat-sessions-chromium\test-failed-1.png
    ────────────────────────────────────────────────────────────────────────────────────────────────

    attachment #2: video (video/webm) ──────────────────────────────────────────────────────────────
    ..\test-results\admin-panel-optimized-Admi-9114a--should-clear-chat-sessions-chromium\video.webm
    ────────────────────────────────────────────────────────────────────────────────────────────────

    Error Context: ..\test-results\admin-panel-optimized-Admi-9114a--should-clear-chat-sessions-chromium\error-context.md

    attachment #4: trace (application/zip) ─────────────────────────────────────────────────────────
    ..\test-results\admin-panel-optimized-Admi-9114a--should-clear-chat-sessions-chromium\trace.zip
    Usage:

        npx playwright show-trace ..\test-results\admin-panel-optimized-Admi-9114a--should-clear-chat-sessions-chromium\trace.zip

    ────────────────────────────────────────────────────────────────────────────────────────────────
]]>
</failure>
<system-out>
<![CDATA[
[[ATTACHMENT|test-results\admin-panel-optimized-Admi-9114a--should-clear-chat-sessions-chromium\test-failed-1.png]]

[[ATTACHMENT|test-results\admin-panel-optimized-Admi-9114a--should-clear-chat-sessions-chromium\video.webm]]

[[ATTACHMENT|test-results\admin-panel-optimized-Admi-9114a--should-clear-chat-sessions-chromium\error-context.md]]

[[ATTACHMENT|test-results\admin-panel-optimized-Admi-9114a--should-clear-chat-sessions-chromium\trace.zip]]
]]>
</system-out>
</testcase>
<testcase name="Admin Panel Tests › Notifications Management › should display notifications list" classname="admin-panel-optimized.spec.js" time="10.716">
<failure message="admin-panel-optimized.spec.js:244:5 should display notifications list" type="FAILURE">
<![CDATA[  [chromium] › admin-panel-optimized.spec.js:244:5 › Admin Panel Tests › Notifications Management › should display notifications list 

    Test timeout of 10000ms exceeded while running "beforeEach" hook.

      235 |   
      236 |   test.describe('Notifications Management', () => {
    > 237 |     test.beforeEach(async ({ page }) => {
          |          ^
      238 |       await loginAsAdmin(page);
      239 |       if (await elementExists(page, '[data-section="notifications"], .nav-notifications')) {
      240 |         await page.click('[data-section="notifications"], .nav-notifications');
        at C:\Users\22004\OneDrive\Desktop\TLS PROJECTS\tests\admin-panel-optimized.spec.js:237:10

    Error: page.waitForURL: Test timeout of 10000ms exceeded.
    =========================== logs ===========================
    waiting for navigation to "**/admin.html" until "load"
      navigated to "http://127.0.0.1:3000/admin.html?redirected=true"
    ============================================================

      26 |   
      27 |   // Wait for navigation to admin panel
    > 28 |   await page.waitForURL('**/admin.html', { timeout: 10000 });
         |              ^
      29 | }
      30 |
      31 | test.describe('Admin Panel Tests', () => {
        at loginAsAdmin (C:\Users\22004\OneDrive\Desktop\TLS PROJECTS\tests\admin-panel-optimized.spec.js:28:14)
        at C:\Users\22004\OneDrive\Desktop\TLS PROJECTS\tests\admin-panel-optimized.spec.js:238:7

    attachment #1: screenshot (image/png) ──────────────────────────────────────────────────────────
    ..\test-results\admin-panel-optimized-Admi-c58a8--display-notifications-list-chromium\test-failed-1.png
    ────────────────────────────────────────────────────────────────────────────────────────────────

    attachment #2: video (video/webm) ──────────────────────────────────────────────────────────────
    ..\test-results\admin-panel-optimized-Admi-c58a8--display-notifications-list-chromium\video.webm
    ────────────────────────────────────────────────────────────────────────────────────────────────

    Error Context: ..\test-results\admin-panel-optimized-Admi-c58a8--display-notifications-list-chromium\error-context.md

    attachment #4: trace (application/zip) ─────────────────────────────────────────────────────────
    ..\test-results\admin-panel-optimized-Admi-c58a8--display-notifications-list-chromium\trace.zip
    Usage:

        npx playwright show-trace ..\test-results\admin-panel-optimized-Admi-c58a8--display-notifications-list-chromium\trace.zip

    ────────────────────────────────────────────────────────────────────────────────────────────────
]]>
</failure>
<system-out>
<![CDATA[
[[ATTACHMENT|test-results\admin-panel-optimized-Admi-c58a8--display-notifications-list-chromium\test-failed-1.png]]

[[ATTACHMENT|test-results\admin-panel-optimized-Admi-c58a8--display-notifications-list-chromium\video.webm]]

[[ATTACHMENT|test-results\admin-panel-optimized-Admi-c58a8--display-notifications-list-chromium\error-context.md]]

[[ATTACHMENT|test-results\admin-panel-optimized-Admi-c58a8--display-notifications-list-chromium\trace.zip]]
]]>
</system-out>
</testcase>
<testcase name="Admin Panel Tests › Notifications Management › should create new notification" classname="admin-panel-optimized.spec.js" time="10.729">
<failure message="admin-panel-optimized.spec.js:250:5 should create new notification" type="FAILURE">
<![CDATA[  [chromium] › admin-panel-optimized.spec.js:250:5 › Admin Panel Tests › Notifications Management › should create new notification 

    Test timeout of 10000ms exceeded while running "beforeEach" hook.

      235 |   
      236 |   test.describe('Notifications Management', () => {
    > 237 |     test.beforeEach(async ({ page }) => {
          |          ^
      238 |       await loginAsAdmin(page);
      239 |       if (await elementExists(page, '[data-section="notifications"], .nav-notifications')) {
      240 |         await page.click('[data-section="notifications"], .nav-notifications');
        at C:\Users\22004\OneDrive\Desktop\TLS PROJECTS\tests\admin-panel-optimized.spec.js:237:10

    Error: page.waitForURL: Test timeout of 10000ms exceeded.
    =========================== logs ===========================
    waiting for navigation to "**/admin.html" until "load"
      navigated to "http://127.0.0.1:3000/admin.html?redirected=true"
    ============================================================

      26 |   
      27 |   // Wait for navigation to admin panel
    > 28 |   await page.waitForURL('**/admin.html', { timeout: 10000 });
         |              ^
      29 | }
      30 |
      31 | test.describe('Admin Panel Tests', () => {
        at loginAsAdmin (C:\Users\22004\OneDrive\Desktop\TLS PROJECTS\tests\admin-panel-optimized.spec.js:28:14)
        at C:\Users\22004\OneDrive\Desktop\TLS PROJECTS\tests\admin-panel-optimized.spec.js:238:7

    attachment #1: screenshot (image/png) ──────────────────────────────────────────────────────────
    ..\test-results\admin-panel-optimized-Admi-65f97-uld-create-new-notification-chromium\test-failed-1.png
    ────────────────────────────────────────────────────────────────────────────────────────────────

    attachment #2: video (video/webm) ──────────────────────────────────────────────────────────────
    ..\test-results\admin-panel-optimized-Admi-65f97-uld-create-new-notification-chromium\video.webm
    ────────────────────────────────────────────────────────────────────────────────────────────────

    Error Context: ..\test-results\admin-panel-optimized-Admi-65f97-uld-create-new-notification-chromium\error-context.md

    attachment #4: trace (application/zip) ─────────────────────────────────────────────────────────
    ..\test-results\admin-panel-optimized-Admi-65f97-uld-create-new-notification-chromium\trace.zip
    Usage:

        npx playwright show-trace ..\test-results\admin-panel-optimized-Admi-65f97-uld-create-new-notification-chromium\trace.zip

    ────────────────────────────────────────────────────────────────────────────────────────────────
]]>
</failure>
<system-out>
<![CDATA[
[[ATTACHMENT|test-results\admin-panel-optimized-Admi-65f97-uld-create-new-notification-chromium\test-failed-1.png]]

[[ATTACHMENT|test-results\admin-panel-optimized-Admi-65f97-uld-create-new-notification-chromium\video.webm]]

[[ATTACHMENT|test-results\admin-panel-optimized-Admi-65f97-uld-create-new-notification-chromium\error-context.md]]

[[ATTACHMENT|test-results\admin-panel-optimized-Admi-65f97-uld-create-new-notification-chromium\trace.zip]]
]]>
</system-out>
</testcase>
<testcase name="Admin Panel Tests › Announcements Management › should display announcements list" classname="admin-panel-optimized.spec.js" time="10.755">
<failure message="admin-panel-optimized.spec.js:268:5 should display announcements list" type="FAILURE">
<![CDATA[  [chromium] › admin-panel-optimized.spec.js:268:5 › Admin Panel Tests › Announcements Management › should display announcements list 

    Test timeout of 10000ms exceeded while running "beforeEach" hook.

      259 |   
      260 |   test.describe('Announcements Management', () => {
    > 261 |     test.beforeEach(async ({ page }) => {
          |          ^
      262 |       await loginAsAdmin(page);
      263 |       if (await elementExists(page, '[data-section="announcements"], .nav-announcements')) {
      264 |         await page.click('[data-section="announcements"], .nav-announcements');
        at C:\Users\22004\OneDrive\Desktop\TLS PROJECTS\tests\admin-panel-optimized.spec.js:261:10

    Error: page.waitForURL: Test timeout of 10000ms exceeded.
    =========================== logs ===========================
    waiting for navigation to "**/admin.html" until "load"
      navigated to "http://127.0.0.1:3000/admin.html?redirected=true"
    ============================================================

      26 |   
      27 |   // Wait for navigation to admin panel
    > 28 |   await page.waitForURL('**/admin.html', { timeout: 10000 });
         |              ^
      29 | }
      30 |
      31 | test.describe('Admin Panel Tests', () => {
        at loginAsAdmin (C:\Users\22004\OneDrive\Desktop\TLS PROJECTS\tests\admin-panel-optimized.spec.js:28:14)
        at C:\Users\22004\OneDrive\Desktop\TLS PROJECTS\tests\admin-panel-optimized.spec.js:262:7

    attachment #1: screenshot (image/png) ──────────────────────────────────────────────────────────
    ..\test-results\admin-panel-optimized-Admi-05ec3--display-announcements-list-chromium\test-failed-1.png
    ────────────────────────────────────────────────────────────────────────────────────────────────

    attachment #2: video (video/webm) ──────────────────────────────────────────────────────────────
    ..\test-results\admin-panel-optimized-Admi-05ec3--display-announcements-list-chromium\video.webm
    ────────────────────────────────────────────────────────────────────────────────────────────────

    Error Context: ..\test-results\admin-panel-optimized-Admi-05ec3--display-announcements-list-chromium\error-context.md

    attachment #4: trace (application/zip) ─────────────────────────────────────────────────────────
    ..\test-results\admin-panel-optimized-Admi-05ec3--display-announcements-list-chromium\trace.zip
    Usage:

        npx playwright show-trace ..\test-results\admin-panel-optimized-Admi-05ec3--display-announcements-list-chromium\trace.zip

    ────────────────────────────────────────────────────────────────────────────────────────────────
]]>
</failure>
<system-out>
<![CDATA[
[[ATTACHMENT|test-results\admin-panel-optimized-Admi-05ec3--display-announcements-list-chromium\test-failed-1.png]]

[[ATTACHMENT|test-results\admin-panel-optimized-Admi-05ec3--display-announcements-list-chromium\video.webm]]

[[ATTACHMENT|test-results\admin-panel-optimized-Admi-05ec3--display-announcements-list-chromium\error-context.md]]

[[ATTACHMENT|test-results\admin-panel-optimized-Admi-05ec3--display-announcements-list-chromium\trace.zip]]
]]>
</system-out>
</testcase>
<testcase name="Admin Panel Tests › Announcements Management › should create new announcement" classname="admin-panel-optimized.spec.js" time="10.93">
<failure message="admin-panel-optimized.spec.js:274:5 should create new announcement" type="FAILURE">
<![CDATA[  [chromium] › admin-panel-optimized.spec.js:274:5 › Admin Panel Tests › Announcements Management › should create new announcement 

    Test timeout of 10000ms exceeded while running "beforeEach" hook.

      259 |   
      260 |   test.describe('Announcements Management', () => {
    > 261 |     test.beforeEach(async ({ page }) => {
          |          ^
      262 |       await loginAsAdmin(page);
      263 |       if (await elementExists(page, '[data-section="announcements"], .nav-announcements')) {
      264 |         await page.click('[data-section="announcements"], .nav-announcements');
        at C:\Users\22004\OneDrive\Desktop\TLS PROJECTS\tests\admin-panel-optimized.spec.js:261:10

    Error: page.waitForURL: Test timeout of 10000ms exceeded.
    =========================== logs ===========================
    waiting for navigation to "**/admin.html" until "load"
      navigated to "http://127.0.0.1:3000/admin.html?redirected=true"
    ============================================================

      26 |   
      27 |   // Wait for navigation to admin panel
    > 28 |   await page.waitForURL('**/admin.html', { timeout: 10000 });
         |              ^
      29 | }
      30 |
      31 | test.describe('Admin Panel Tests', () => {
        at loginAsAdmin (C:\Users\22004\OneDrive\Desktop\TLS PROJECTS\tests\admin-panel-optimized.spec.js:28:14)
        at C:\Users\22004\OneDrive\Desktop\TLS PROJECTS\tests\admin-panel-optimized.spec.js:262:7

    attachment #1: screenshot (image/png) ──────────────────────────────────────────────────────────
    ..\test-results\admin-panel-optimized-Admi-8c38c-uld-create-new-announcement-chromium\test-failed-1.png
    ────────────────────────────────────────────────────────────────────────────────────────────────

    attachment #2: video (video/webm) ──────────────────────────────────────────────────────────────
    ..\test-results\admin-panel-optimized-Admi-8c38c-uld-create-new-announcement-chromium\video.webm
    ────────────────────────────────────────────────────────────────────────────────────────────────

    Error Context: ..\test-results\admin-panel-optimized-Admi-8c38c-uld-create-new-announcement-chromium\error-context.md

    attachment #4: trace (application/zip) ─────────────────────────────────────────────────────────
    ..\test-results\admin-panel-optimized-Admi-8c38c-uld-create-new-announcement-chromium\trace.zip
    Usage:

        npx playwright show-trace ..\test-results\admin-panel-optimized-Admi-8c38c-uld-create-new-announcement-chromium\trace.zip

    ────────────────────────────────────────────────────────────────────────────────────────────────
]]>
</failure>
<system-out>
<![CDATA[
[[ATTACHMENT|test-results\admin-panel-optimized-Admi-8c38c-uld-create-new-announcement-chromium\test-failed-1.png]]

[[ATTACHMENT|test-results\admin-panel-optimized-Admi-8c38c-uld-create-new-announcement-chromium\video.webm]]

[[ATTACHMENT|test-results\admin-panel-optimized-Admi-8c38c-uld-create-new-announcement-chromium\error-context.md]]

[[ATTACHMENT|test-results\admin-panel-optimized-Admi-8c38c-uld-create-new-announcement-chromium\trace.zip]]
]]>
</system-out>
</testcase>
<testcase name="Admin Panel Tests › File Storage › should display file manager" classname="admin-panel-optimized.spec.js" time="10.711">
<failure message="admin-panel-optimized.spec.js:292:5 should display file manager" type="FAILURE">
<![CDATA[  [chromium] › admin-panel-optimized.spec.js:292:5 › Admin Panel Tests › File Storage › should display file manager 

    Test timeout of 10000ms exceeded while running "beforeEach" hook.

      283 |   
      284 |   test.describe('File Storage', () => {
    > 285 |     test.beforeEach(async ({ page }) => {
          |          ^
      286 |       await loginAsAdmin(page);
      287 |       if (await elementExists(page, '[data-section="media"], .nav-media')) {
      288 |         await page.click('[data-section="media"], .nav-media');
        at C:\Users\22004\OneDrive\Desktop\TLS PROJECTS\tests\admin-panel-optimized.spec.js:285:10

    Error: page.waitForURL: Test timeout of 10000ms exceeded.
    =========================== logs ===========================
    waiting for navigation to "**/admin.html" until "load"
      navigated to "http://127.0.0.1:3000/admin.html?redirected=true"
    ============================================================

      26 |   
      27 |   // Wait for navigation to admin panel
    > 28 |   await page.waitForURL('**/admin.html', { timeout: 10000 });
         |              ^
      29 | }
      30 |
      31 | test.describe('Admin Panel Tests', () => {
        at loginAsAdmin (C:\Users\22004\OneDrive\Desktop\TLS PROJECTS\tests\admin-panel-optimized.spec.js:28:14)
        at C:\Users\22004\OneDrive\Desktop\TLS PROJECTS\tests\admin-panel-optimized.spec.js:286:7

    attachment #1: screenshot (image/png) ──────────────────────────────────────────────────────────
    ..\test-results\admin-panel-optimized-Admi-b99b1-should-display-file-manager-chromium\test-failed-1.png
    ────────────────────────────────────────────────────────────────────────────────────────────────

    attachment #2: video (video/webm) ──────────────────────────────────────────────────────────────
    ..\test-results\admin-panel-optimized-Admi-b99b1-should-display-file-manager-chromium\video.webm
    ────────────────────────────────────────────────────────────────────────────────────────────────

    Error Context: ..\test-results\admin-panel-optimized-Admi-b99b1-should-display-file-manager-chromium\error-context.md

    attachment #4: trace (application/zip) ─────────────────────────────────────────────────────────
    ..\test-results\admin-panel-optimized-Admi-b99b1-should-display-file-manager-chromium\trace.zip
    Usage:

        npx playwright show-trace ..\test-results\admin-panel-optimized-Admi-b99b1-should-display-file-manager-chromium\trace.zip

    ────────────────────────────────────────────────────────────────────────────────────────────────
]]>
</failure>
<system-out>
<![CDATA[
[[ATTACHMENT|test-results\admin-panel-optimized-Admi-b99b1-should-display-file-manager-chromium\test-failed-1.png]]

[[ATTACHMENT|test-results\admin-panel-optimized-Admi-b99b1-should-display-file-manager-chromium\video.webm]]

[[ATTACHMENT|test-results\admin-panel-optimized-Admi-b99b1-should-display-file-manager-chromium\error-context.md]]

[[ATTACHMENT|test-results\admin-panel-optimized-Admi-b99b1-should-display-file-manager-chromium\trace.zip]]
]]>
</system-out>
</testcase>
<testcase name="Admin Panel Tests › File Storage › should verify upload directory structure" classname="admin-panel-optimized.spec.js" time="10.768">
<failure message="admin-panel-optimized.spec.js:298:5 should verify upload directory structure" type="FAILURE">
<![CDATA[  [chromium] › admin-panel-optimized.spec.js:298:5 › Admin Panel Tests › File Storage › should verify upload directory structure 

    Test timeout of 10000ms exceeded while running "beforeEach" hook.

      283 |   
      284 |   test.describe('File Storage', () => {
    > 285 |     test.beforeEach(async ({ page }) => {
          |          ^
      286 |       await loginAsAdmin(page);
      287 |       if (await elementExists(page, '[data-section="media"], .nav-media')) {
      288 |         await page.click('[data-section="media"], .nav-media');
        at C:\Users\22004\OneDrive\Desktop\TLS PROJECTS\tests\admin-panel-optimized.spec.js:285:10

    Error: page.waitForURL: Test timeout of 10000ms exceeded.
    =========================== logs ===========================
    waiting for navigation to "**/admin.html" until "load"
      navigated to "http://127.0.0.1:3000/admin.html?redirected=true"
    ============================================================

      26 |   
      27 |   // Wait for navigation to admin panel
    > 28 |   await page.waitForURL('**/admin.html', { timeout: 10000 });
         |              ^
      29 | }
      30 |
      31 | test.describe('Admin Panel Tests', () => {
        at loginAsAdmin (C:\Users\22004\OneDrive\Desktop\TLS PROJECTS\tests\admin-panel-optimized.spec.js:28:14)
        at C:\Users\22004\OneDrive\Desktop\TLS PROJECTS\tests\admin-panel-optimized.spec.js:286:7

    attachment #1: screenshot (image/png) ──────────────────────────────────────────────────────────
    ..\test-results\admin-panel-optimized-Admi-16ebb--upload-directory-structure-chromium\test-failed-1.png
    ────────────────────────────────────────────────────────────────────────────────────────────────

    attachment #2: video (video/webm) ──────────────────────────────────────────────────────────────
    ..\test-results\admin-panel-optimized-Admi-16ebb--upload-directory-structure-chromium\video.webm
    ────────────────────────────────────────────────────────────────────────────────────────────────

    Error Context: ..\test-results\admin-panel-optimized-Admi-16ebb--upload-directory-structure-chromium\error-context.md

    attachment #4: trace (application/zip) ─────────────────────────────────────────────────────────
    ..\test-results\admin-panel-optimized-Admi-16ebb--upload-directory-structure-chromium\trace.zip
    Usage:

        npx playwright show-trace ..\test-results\admin-panel-optimized-Admi-16ebb--upload-directory-structure-chromium\trace.zip

    ────────────────────────────────────────────────────────────────────────────────────────────────
]]>
</failure>
<system-out>
<![CDATA[
[[ATTACHMENT|test-results\admin-panel-optimized-Admi-16ebb--upload-directory-structure-chromium\test-failed-1.png]]

[[ATTACHMENT|test-results\admin-panel-optimized-Admi-16ebb--upload-directory-structure-chromium\video.webm]]

[[ATTACHMENT|test-results\admin-panel-optimized-Admi-16ebb--upload-directory-structure-chromium\error-context.md]]

[[ATTACHMENT|test-results\admin-panel-optimized-Admi-16ebb--upload-directory-structure-chromium\trace.zip]]
]]>
</system-out>
</testcase>
<testcase name="Admin Panel Tests › File Storage › should handle file uploads" classname="admin-panel-optimized.spec.js" time="10.698">
<failure message="admin-panel-optimized.spec.js:305:5 should handle file uploads" type="FAILURE">
<![CDATA[  [chromium] › admin-panel-optimized.spec.js:305:5 › Admin Panel Tests › File Storage › should handle file uploads 

    Test timeout of 10000ms exceeded while running "beforeEach" hook.

      283 |   
      284 |   test.describe('File Storage', () => {
    > 285 |     test.beforeEach(async ({ page }) => {
          |          ^
      286 |       await loginAsAdmin(page);
      287 |       if (await elementExists(page, '[data-section="media"], .nav-media')) {
      288 |         await page.click('[data-section="media"], .nav-media');
        at C:\Users\22004\OneDrive\Desktop\TLS PROJECTS\tests\admin-panel-optimized.spec.js:285:10

    Error: page.waitForURL: Test timeout of 10000ms exceeded.
    =========================== logs ===========================
    waiting for navigation to "**/admin.html" until "load"
      navigated to "http://127.0.0.1:3000/admin.html?redirected=true"
    ============================================================

      26 |   
      27 |   // Wait for navigation to admin panel
    > 28 |   await page.waitForURL('**/admin.html', { timeout: 10000 });
         |              ^
      29 | }
      30 |
      31 | test.describe('Admin Panel Tests', () => {
        at loginAsAdmin (C:\Users\22004\OneDrive\Desktop\TLS PROJECTS\tests\admin-panel-optimized.spec.js:28:14)
        at C:\Users\22004\OneDrive\Desktop\TLS PROJECTS\tests\admin-panel-optimized.spec.js:286:7

    attachment #1: screenshot (image/png) ──────────────────────────────────────────────────────────
    ..\test-results\admin-panel-optimized-Admi-33dab--should-handle-file-uploads-chromium\test-failed-1.png
    ────────────────────────────────────────────────────────────────────────────────────────────────

    attachment #2: video (video/webm) ──────────────────────────────────────────────────────────────
    ..\test-results\admin-panel-optimized-Admi-33dab--should-handle-file-uploads-chromium\video.webm
    ────────────────────────────────────────────────────────────────────────────────────────────────

    Error Context: ..\test-results\admin-panel-optimized-Admi-33dab--should-handle-file-uploads-chromium\error-context.md

    attachment #4: trace (application/zip) ─────────────────────────────────────────────────────────
    ..\test-results\admin-panel-optimized-Admi-33dab--should-handle-file-uploads-chromium\trace.zip
    Usage:

        npx playwright show-trace ..\test-results\admin-panel-optimized-Admi-33dab--should-handle-file-uploads-chromium\trace.zip

    ────────────────────────────────────────────────────────────────────────────────────────────────
]]>
</failure>
<system-out>
<![CDATA[
[[ATTACHMENT|test-results\admin-panel-optimized-Admi-33dab--should-handle-file-uploads-chromium\test-failed-1.png]]

[[ATTACHMENT|test-results\admin-panel-optimized-Admi-33dab--should-handle-file-uploads-chromium\video.webm]]

[[ATTACHMENT|test-results\admin-panel-optimized-Admi-33dab--should-handle-file-uploads-chromium\error-context.md]]

[[ATTACHMENT|test-results\admin-panel-optimized-Admi-33dab--should-handle-file-uploads-chromium\trace.zip]]
]]>
</system-out>
</testcase>
<testcase name="Admin Panel Tests › Theme Toggle › should toggle between light and dark themes" classname="admin-panel-optimized.spec.js" time="10.717">
<failure message="admin-panel-optimized.spec.js:317:5 should toggle between light and dark themes" type="FAILURE">
<![CDATA[  [chromium] › admin-panel-optimized.spec.js:317:5 › Admin Panel Tests › Theme Toggle › should toggle between light and dark themes 

    Test timeout of 10000ms exceeded while running "beforeEach" hook.

      311 |   
      312 |   test.describe('Theme Toggle', () => {
    > 313 |     test.beforeEach(async ({ page }) => {
          |          ^
      314 |       await loginAsAdmin(page);
      315 |     });
      316 |     
        at C:\Users\22004\OneDrive\Desktop\TLS PROJECTS\tests\admin-panel-optimized.spec.js:313:10

    Error: page.waitForURL: Test timeout of 10000ms exceeded.
    =========================== logs ===========================
    waiting for navigation to "**/admin.html" until "load"
      navigated to "http://127.0.0.1:3000/admin.html?redirected=true"
    ============================================================

      26 |   
      27 |   // Wait for navigation to admin panel
    > 28 |   await page.waitForURL('**/admin.html', { timeout: 10000 });
         |              ^
      29 | }
      30 |
      31 | test.describe('Admin Panel Tests', () => {
        at loginAsAdmin (C:\Users\22004\OneDrive\Desktop\TLS PROJECTS\tests\admin-panel-optimized.spec.js:28:14)
        at C:\Users\22004\OneDrive\Desktop\TLS PROJECTS\tests\admin-panel-optimized.spec.js:314:7

    attachment #1: screenshot (image/png) ──────────────────────────────────────────────────────────
    ..\test-results\admin-panel-optimized-Admi-5877c-tween-light-and-dark-themes-chromium\test-failed-1.png
    ────────────────────────────────────────────────────────────────────────────────────────────────

    attachment #2: video (video/webm) ──────────────────────────────────────────────────────────────
    ..\test-results\admin-panel-optimized-Admi-5877c-tween-light-and-dark-themes-chromium\video.webm
    ────────────────────────────────────────────────────────────────────────────────────────────────

    Error Context: ..\test-results\admin-panel-optimized-Admi-5877c-tween-light-and-dark-themes-chromium\error-context.md

    attachment #4: trace (application/zip) ─────────────────────────────────────────────────────────
    ..\test-results\admin-panel-optimized-Admi-5877c-tween-light-and-dark-themes-chromium\trace.zip
    Usage:

        npx playwright show-trace ..\test-results\admin-panel-optimized-Admi-5877c-tween-light-and-dark-themes-chromium\trace.zip

    ────────────────────────────────────────────────────────────────────────────────────────────────
]]>
</failure>
<system-out>
<![CDATA[
[[ATTACHMENT|test-results\admin-panel-optimized-Admi-5877c-tween-light-and-dark-themes-chromium\test-failed-1.png]]

[[ATTACHMENT|test-results\admin-panel-optimized-Admi-5877c-tween-light-and-dark-themes-chromium\video.webm]]

[[ATTACHMENT|test-results\admin-panel-optimized-Admi-5877c-tween-light-and-dark-themes-chromium\error-context.md]]

[[ATTACHMENT|test-results\admin-panel-optimized-Admi-5877c-tween-light-and-dark-themes-chromium\trace.zip]]
]]>
</system-out>
</testcase>
<testcase name="Admin Panel Tests › Responsive Design › should work on mobile viewport" classname="admin-panel-optimized.spec.js" time="10.749">
<failure message="admin-panel-optimized.spec.js:359:5 should work on mobile viewport" type="FAILURE">
<![CDATA[  [chromium] › admin-panel-optimized.spec.js:359:5 › Admin Panel Tests › Responsive Design › should work on mobile viewport 

    Test timeout of 10000ms exceeded while running "beforeEach" hook.

      353 |   
      354 |   test.describe('Responsive Design', () => {
    > 355 |     test.beforeEach(async ({ page }) => {
          |          ^
      356 |       await loginAsAdmin(page);
      357 |     });
      358 |     
        at C:\Users\22004\OneDrive\Desktop\TLS PROJECTS\tests\admin-panel-optimized.spec.js:355:10

    Error: page.waitForURL: Test timeout of 10000ms exceeded.
    =========================== logs ===========================
    waiting for navigation to "**/admin.html" until "load"
      navigated to "http://127.0.0.1:3000/admin.html?redirected=true"
    ============================================================

      26 |   
      27 |   // Wait for navigation to admin panel
    > 28 |   await page.waitForURL('**/admin.html', { timeout: 10000 });
         |              ^
      29 | }
      30 |
      31 | test.describe('Admin Panel Tests', () => {
        at loginAsAdmin (C:\Users\22004\OneDrive\Desktop\TLS PROJECTS\tests\admin-panel-optimized.spec.js:28:14)
        at C:\Users\22004\OneDrive\Desktop\TLS PROJECTS\tests\admin-panel-optimized.spec.js:356:7

    attachment #1: screenshot (image/png) ──────────────────────────────────────────────────────────
    ..\test-results\admin-panel-optimized-Admi-cb08f-uld-work-on-mobile-viewport-chromium\test-failed-1.png
    ────────────────────────────────────────────────────────────────────────────────────────────────

    attachment #2: video (video/webm) ──────────────────────────────────────────────────────────────
    ..\test-results\admin-panel-optimized-Admi-cb08f-uld-work-on-mobile-viewport-chromium\video.webm
    ────────────────────────────────────────────────────────────────────────────────────────────────

    Error Context: ..\test-results\admin-panel-optimized-Admi-cb08f-uld-work-on-mobile-viewport-chromium\error-context.md

    attachment #4: trace (application/zip) ─────────────────────────────────────────────────────────
    ..\test-results\admin-panel-optimized-Admi-cb08f-uld-work-on-mobile-viewport-chromium\trace.zip
    Usage:

        npx playwright show-trace ..\test-results\admin-panel-optimized-Admi-cb08f-uld-work-on-mobile-viewport-chromium\trace.zip

    ────────────────────────────────────────────────────────────────────────────────────────────────
]]>
</failure>
<system-out>
<![CDATA[
[[ATTACHMENT|test-results\admin-panel-optimized-Admi-cb08f-uld-work-on-mobile-viewport-chromium\test-failed-1.png]]

[[ATTACHMENT|test-results\admin-panel-optimized-Admi-cb08f-uld-work-on-mobile-viewport-chromium\video.webm]]

[[ATTACHMENT|test-results\admin-panel-optimized-Admi-cb08f-uld-work-on-mobile-viewport-chromium\error-context.md]]

[[ATTACHMENT|test-results\admin-panel-optimized-Admi-cb08f-uld-work-on-mobile-viewport-chromium\trace.zip]]
]]>
</system-out>
</testcase>
<testcase name="Admin Panel Tests › Responsive Design › should work on tablet viewport" classname="admin-panel-optimized.spec.js" time="10.736">
<failure message="admin-panel-optimized.spec.js:384:5 should work on tablet viewport" type="FAILURE">
<![CDATA[  [chromium] › admin-panel-optimized.spec.js:384:5 › Admin Panel Tests › Responsive Design › should work on tablet viewport 

    Test timeout of 10000ms exceeded while running "beforeEach" hook.

      353 |   
      354 |   test.describe('Responsive Design', () => {
    > 355 |     test.beforeEach(async ({ page }) => {
          |          ^
      356 |       await loginAsAdmin(page);
      357 |     });
      358 |     
        at C:\Users\22004\OneDrive\Desktop\TLS PROJECTS\tests\admin-panel-optimized.spec.js:355:10

    Error: page.waitForURL: Test timeout of 10000ms exceeded.
    =========================== logs ===========================
    waiting for navigation to "**/admin.html" until "load"
      navigated to "http://127.0.0.1:3000/admin.html?redirected=true"
    ============================================================

      26 |   
      27 |   // Wait for navigation to admin panel
    > 28 |   await page.waitForURL('**/admin.html', { timeout: 10000 });
         |              ^
      29 | }
      30 |
      31 | test.describe('Admin Panel Tests', () => {
        at loginAsAdmin (C:\Users\22004\OneDrive\Desktop\TLS PROJECTS\tests\admin-panel-optimized.spec.js:28:14)
        at C:\Users\22004\OneDrive\Desktop\TLS PROJECTS\tests\admin-panel-optimized.spec.js:356:7

    attachment #1: screenshot (image/png) ──────────────────────────────────────────────────────────
    ..\test-results\admin-panel-optimized-Admi-cdda0-uld-work-on-tablet-viewport-chromium\test-failed-1.png
    ────────────────────────────────────────────────────────────────────────────────────────────────

    attachment #2: video (video/webm) ──────────────────────────────────────────────────────────────
    ..\test-results\admin-panel-optimized-Admi-cdda0-uld-work-on-tablet-viewport-chromium\video.webm
    ────────────────────────────────────────────────────────────────────────────────────────────────

    Error Context: ..\test-results\admin-panel-optimized-Admi-cdda0-uld-work-on-tablet-viewport-chromium\error-context.md

    attachment #4: trace (application/zip) ─────────────────────────────────────────────────────────
    ..\test-results\admin-panel-optimized-Admi-cdda0-uld-work-on-tablet-viewport-chromium\trace.zip
    Usage:

        npx playwright show-trace ..\test-results\admin-panel-optimized-Admi-cdda0-uld-work-on-tablet-viewport-chromium\trace.zip

    ────────────────────────────────────────────────────────────────────────────────────────────────
]]>
</failure>
<system-out>
<![CDATA[
[[ATTACHMENT|test-results\admin-panel-optimized-Admi-cdda0-uld-work-on-tablet-viewport-chromium\test-failed-1.png]]

[[ATTACHMENT|test-results\admin-panel-optimized-Admi-cdda0-uld-work-on-tablet-viewport-chromium\video.webm]]

[[ATTACHMENT|test-results\admin-panel-optimized-Admi-cdda0-uld-work-on-tablet-viewport-chromium\error-context.md]]

[[ATTACHMENT|test-results\admin-panel-optimized-Admi-cdda0-uld-work-on-tablet-viewport-chromium\trace.zip]]
]]>
</system-out>
</testcase>
<testcase name="Admin Panel Tests › Performance Tests › should load admin dashboard quickly" classname="admin-panel-optimized.spec.js" time="10.686">
<failure message="admin-panel-optimized.spec.js:401:5 should load admin dashboard quickly" type="FAILURE">
<![CDATA[  [chromium] › admin-panel-optimized.spec.js:401:5 › Admin Panel Tests › Performance Tests › should load admin dashboard quickly 

    Test timeout of 10000ms exceeded while running "beforeEach" hook.

      395 |   
      396 |   test.describe('Performance Tests', () => {
    > 397 |     test.beforeEach(async ({ page }) => {
          |          ^
      398 |       await loginAsAdmin(page);
      399 |     });
      400 |     
        at C:\Users\22004\OneDrive\Desktop\TLS PROJECTS\tests\admin-panel-optimized.spec.js:397:10

    Error: page.waitForURL: Test timeout of 10000ms exceeded.
    =========================== logs ===========================
    waiting for navigation to "**/admin.html" until "load"
      navigated to "http://127.0.0.1:3000/admin.html?redirected=true"
    ============================================================

      26 |   
      27 |   // Wait for navigation to admin panel
    > 28 |   await page.waitForURL('**/admin.html', { timeout: 10000 });
         |              ^
      29 | }
      30 |
      31 | test.describe('Admin Panel Tests', () => {
        at loginAsAdmin (C:\Users\22004\OneDrive\Desktop\TLS PROJECTS\tests\admin-panel-optimized.spec.js:28:14)
        at C:\Users\22004\OneDrive\Desktop\TLS PROJECTS\tests\admin-panel-optimized.spec.js:398:7

    attachment #1: screenshot (image/png) ──────────────────────────────────────────────────────────
    ..\test-results\admin-panel-optimized-Admi-ce6b7-oad-admin-dashboard-quickly-chromium\test-failed-1.png
    ────────────────────────────────────────────────────────────────────────────────────────────────

    attachment #2: video (video/webm) ──────────────────────────────────────────────────────────────
    ..\test-results\admin-panel-optimized-Admi-ce6b7-oad-admin-dashboard-quickly-chromium\video.webm
    ────────────────────────────────────────────────────────────────────────────────────────────────

    Error Context: ..\test-results\admin-panel-optimized-Admi-ce6b7-oad-admin-dashboard-quickly-chromium\error-context.md

    attachment #4: trace (application/zip) ─────────────────────────────────────────────────────────
    ..\test-results\admin-panel-optimized-Admi-ce6b7-oad-admin-dashboard-quickly-chromium\trace.zip
    Usage:

        npx playwright show-trace ..\test-results\admin-panel-optimized-Admi-ce6b7-oad-admin-dashboard-quickly-chromium\trace.zip

    ────────────────────────────────────────────────────────────────────────────────────────────────
]]>
</failure>
<system-out>
<![CDATA[
[[ATTACHMENT|test-results\admin-panel-optimized-Admi-ce6b7-oad-admin-dashboard-quickly-chromium\test-failed-1.png]]

[[ATTACHMENT|test-results\admin-panel-optimized-Admi-ce6b7-oad-admin-dashboard-quickly-chromium\video.webm]]

[[ATTACHMENT|test-results\admin-panel-optimized-Admi-ce6b7-oad-admin-dashboard-quickly-chromium\error-context.md]]

[[ATTACHMENT|test-results\admin-panel-optimized-Admi-ce6b7-oad-admin-dashboard-quickly-chromium\trace.zip]]
]]>
</system-out>
</testcase>
<testcase name="Admin Panel Tests › Performance Tests › should handle multiple section switches efficiently" classname="admin-panel-optimized.spec.js" time="10.755">
<failure message="admin-panel-optimized.spec.js:413:5 should handle multiple section switches efficiently" type="FAILURE">
<![CDATA[  [chromium] › admin-panel-optimized.spec.js:413:5 › Admin Panel Tests › Performance Tests › should handle multiple section switches efficiently 

    Test timeout of 10000ms exceeded while running "beforeEach" hook.

      395 |   
      396 |   test.describe('Performance Tests', () => {
    > 397 |     test.beforeEach(async ({ page }) => {
          |          ^
      398 |       await loginAsAdmin(page);
      399 |     });
      400 |     
        at C:\Users\22004\OneDrive\Desktop\TLS PROJECTS\tests\admin-panel-optimized.spec.js:397:10

    Error: page.waitForURL: Test timeout of 10000ms exceeded.
    =========================== logs ===========================
    waiting for navigation to "**/admin.html" until "load"
      navigated to "http://127.0.0.1:3000/admin.html?redirected=true"
    ============================================================

      26 |   
      27 |   // Wait for navigation to admin panel
    > 28 |   await page.waitForURL('**/admin.html', { timeout: 10000 });
         |              ^
      29 | }
      30 |
      31 | test.describe('Admin Panel Tests', () => {
        at loginAsAdmin (C:\Users\22004\OneDrive\Desktop\TLS PROJECTS\tests\admin-panel-optimized.spec.js:28:14)
        at C:\Users\22004\OneDrive\Desktop\TLS PROJECTS\tests\admin-panel-optimized.spec.js:398:7

    attachment #1: screenshot (image/png) ──────────────────────────────────────────────────────────
    ..\test-results\admin-panel-optimized-Admi-84197-ection-switches-efficiently-chromium\test-failed-1.png
    ────────────────────────────────────────────────────────────────────────────────────────────────

    attachment #2: video (video/webm) ──────────────────────────────────────────────────────────────
    ..\test-results\admin-panel-optimized-Admi-84197-ection-switches-efficiently-chromium\video.webm
    ────────────────────────────────────────────────────────────────────────────────────────────────

    Error Context: ..\test-results\admin-panel-optimized-Admi-84197-ection-switches-efficiently-chromium\error-context.md

    attachment #4: trace (application/zip) ─────────────────────────────────────────────────────────
    ..\test-results\admin-panel-optimized-Admi-84197-ection-switches-efficiently-chromium\trace.zip
    Usage:

        npx playwright show-trace ..\test-results\admin-panel-optimized-Admi-84197-ection-switches-efficiently-chromium\trace.zip

    ────────────────────────────────────────────────────────────────────────────────────────────────
]]>
</failure>
<system-out>
<![CDATA[
[[ATTACHMENT|test-results\admin-panel-optimized-Admi-84197-ection-switches-efficiently-chromium\test-failed-1.png]]

[[ATTACHMENT|test-results\admin-panel-optimized-Admi-84197-ection-switches-efficiently-chromium\video.webm]]

[[ATTACHMENT|test-results\admin-panel-optimized-Admi-84197-ection-switches-efficiently-chromium\error-context.md]]

[[ATTACHMENT|test-results\admin-panel-optimized-Admi-84197-ection-switches-efficiently-chromium\trace.zip]]
]]>
</system-out>
</testcase>
</testsuite>
</testsuites>